[security-google-spring-boot-starter/2.3.x] 失败 - 分支切换失败
[security-google-spring-boot-starter/2.7.x] 失败 - 分支切换失败
[[1;34mINFO[m] Scanning for projects...
Downloading from mirror: https://maven.aliyun.com/nexus/content/groups/public/com/google/http-client/google-http-client-bom/1.45.1/google-http-client-bom-1.45.1.pom
Progress (1): 4.1/7.1 kB
Progress (1): 7.1 kB    
                    
Downloaded from mirror: https://maven.aliyun.com/nexus/content/groups/public/com/google/http-client/google-http-client-bom/1.45.1/google-http-client-bom-1.45.1.pom (7.1 kB at 14 kB/s)
[[1;31mERROR[m] [ERROR] Some problems were encountered while processing the POMs:
[ERROR] 'dependencies.dependency.version' for com.squareup.okhttp3:okhttp:jar is missing. @ line 473, column 15
 @ 
[[1;31mERROR[m] The build could not read 1 project -> [1m[Help 1][m
[[1;31mERROR[m]   
[[1;31mERROR[m]   The project io.github.hiwepy:security-google-spring-boot-starter:4.0.x.20251227-SNAPSHOT (/Users/wandl/workspaces/workspace-ddd4j/workspace-ddd4j-boot-starters/security-google-spring-boot-starter/pom.xml) has 1 error
[[1;31mERROR[m]     'dependencies.dependency.version' for com.squareup.okhttp3:okhttp:jar is missing. @ line 473, column 15
[[1;31mERROR[m] 
[[1;31mERROR[m] To see the full stack trace of the errors, re-run Maven with the [1m-e[m switch.
[[1;31mERROR[m] Re-run Maven using the [1m-X[m switch to enable full debug logging.
[[1;31mERROR[m] 
[[1;31mERROR[m] For more information about the errors and possible solutions, please read the following articles:
[[1;31mERROR[m] [1m[Help 1][m http://cwiki.apache.org/confluence/display/MAVEN/ProjectBuildingException
[security-google-spring-boot-starter/3.0.x] 失败 - 查看日志
[[1;34mINFO[m] Scanning for projects...
[[1;31mERROR[m] [ERROR] Some problems were encountered while processing the POMs:
[ERROR] 'dependencies.dependency.version' for com.squareup.okhttp3:okhttp:jar is missing. @ line 473, column 15
 @ 
[[1;31mERROR[m] The build could not read 1 project -> [1m[Help 1][m
[[1;31mERROR[m]   
[[1;31mERROR[m]   The project io.github.hiwepy:security-google-spring-boot-starter:4.0.x.20251227-SNAPSHOT (/Users/wandl/workspaces/workspace-ddd4j/workspace-ddd4j-boot-starters/security-google-spring-boot-starter/pom.xml) has 1 error
[[1;31mERROR[m]     'dependencies.dependency.version' for com.squareup.okhttp3:okhttp:jar is missing. @ line 473, column 15
[[1;31mERROR[m] 
[[1;31mERROR[m] To see the full stack trace of the errors, re-run Maven with the [1m-e[m switch.
[[1;31mERROR[m] Re-run Maven using the [1m-X[m switch to enable full debug logging.
[[1;31mERROR[m] 
[[1;31mERROR[m] For more information about the errors and possible solutions, please read the following articles:
[[1;31mERROR[m] [1m[Help 1][m http://cwiki.apache.org/confluence/display/MAVEN/ProjectBuildingException
[security-google-spring-boot-starter/3.1.x] 失败 - 查看日志
[[1;34mINFO[m] Scanning for projects...
[[1;31mERROR[m] [ERROR] Some problems were encountered while processing the POMs:
[ERROR] 'dependencies.dependency.version' for com.squareup.okhttp3:okhttp:jar is missing. @ line 473, column 15
 @ 
[[1;31mERROR[m] The build could not read 1 project -> [1m[Help 1][m
[[1;31mERROR[m]   
[[1;31mERROR[m]   The project io.github.hiwepy:security-google-spring-boot-starter:4.0.x.20251227-SNAPSHOT (/Users/wandl/workspaces/workspace-ddd4j/workspace-ddd4j-boot-starters/security-google-spring-boot-starter/pom.xml) has 1 error
[[1;31mERROR[m]     'dependencies.dependency.version' for com.squareup.okhttp3:okhttp:jar is missing. @ line 473, column 15
[[1;31mERROR[m] 
[[1;31mERROR[m] To see the full stack trace of the errors, re-run Maven with the [1m-e[m switch.
[[1;31mERROR[m] Re-run Maven using the [1m-X[m switch to enable full debug logging.
[[1;31mERROR[m] 
[[1;31mERROR[m] For more information about the errors and possible solutions, please read the following articles:
[[1;31mERROR[m] [1m[Help 1][m http://cwiki.apache.org/confluence/display/MAVEN/ProjectBuildingException
[security-google-spring-boot-starter/3.2.x] 失败 - 查看日志
[[1;34mINFO[m] Scanning for projects...
[[1;31mERROR[m] [ERROR] Some problems were encountered while processing the POMs:
[ERROR] 'dependencies.dependency.version' for com.squareup.okhttp3:okhttp:jar is missing. @ line 473, column 15
 @ 
[[1;31mERROR[m] The build could not read 1 project -> [1m[Help 1][m
[[1;31mERROR[m]   
[[1;31mERROR[m]   The project io.github.hiwepy:security-google-spring-boot-starter:4.0.x.20251227-SNAPSHOT (/Users/wandl/workspaces/workspace-ddd4j/workspace-ddd4j-boot-starters/security-google-spring-boot-starter/pom.xml) has 1 error
[[1;31mERROR[m]     'dependencies.dependency.version' for com.squareup.okhttp3:okhttp:jar is missing. @ line 473, column 15
[[1;31mERROR[m] 
[[1;31mERROR[m] To see the full stack trace of the errors, re-run Maven with the [1m-e[m switch.
[[1;31mERROR[m] Re-run Maven using the [1m-X[m switch to enable full debug logging.
[[1;31mERROR[m] 
[[1;31mERROR[m] For more information about the errors and possible solutions, please read the following articles:
[[1;31mERROR[m] [1m[Help 1][m http://cwiki.apache.org/confluence/display/MAVEN/ProjectBuildingException
[security-google-spring-boot-starter/3.3.x] 失败 - 查看日志
[[1;34mINFO[m] Scanning for projects...
[[1;31mERROR[m] [ERROR] Some problems were encountered while processing the POMs:
[ERROR] 'dependencies.dependency.version' for com.squareup.okhttp3:okhttp:jar is missing. @ line 473, column 15
 @ 
[[1;31mERROR[m] The build could not read 1 project -> [1m[Help 1][m
[[1;31mERROR[m]   
[[1;31mERROR[m]   The project io.github.hiwepy:security-google-spring-boot-starter:4.0.x.20251227-SNAPSHOT (/Users/wandl/workspaces/workspace-ddd4j/workspace-ddd4j-boot-starters/security-google-spring-boot-starter/pom.xml) has 1 error
[[1;31mERROR[m]     'dependencies.dependency.version' for com.squareup.okhttp3:okhttp:jar is missing. @ line 473, column 15
[[1;31mERROR[m] 
[[1;31mERROR[m] To see the full stack trace of the errors, re-run Maven with the [1m-e[m switch.
[[1;31mERROR[m] Re-run Maven using the [1m-X[m switch to enable full debug logging.
[[1;31mERROR[m] 
[[1;31mERROR[m] For more information about the errors and possible solutions, please read the following articles:
[[1;31mERROR[m] [1m[Help 1][m http://cwiki.apache.org/confluence/display/MAVEN/ProjectBuildingException
[security-google-spring-boot-starter/3.4.x] 失败 - 查看日志
[[1;34mINFO[m] Scanning for projects...
[[1;31mERROR[m] [ERROR] Some problems were encountered while processing the POMs:
[ERROR] 'dependencies.dependency.version' for com.squareup.okhttp3:okhttp:jar is missing. @ line 473, column 15
 @ 
[[1;31mERROR[m] The build could not read 1 project -> [1m[Help 1][m
[[1;31mERROR[m]   
[[1;31mERROR[m]   The project io.github.hiwepy:security-google-spring-boot-starter:4.0.x.20251227-SNAPSHOT (/Users/wandl/workspaces/workspace-ddd4j/workspace-ddd4j-boot-starters/security-google-spring-boot-starter/pom.xml) has 1 error
[[1;31mERROR[m]     'dependencies.dependency.version' for com.squareup.okhttp3:okhttp:jar is missing. @ line 473, column 15
[[1;31mERROR[m] 
[[1;31mERROR[m] To see the full stack trace of the errors, re-run Maven with the [1m-e[m switch.
[[1;31mERROR[m] Re-run Maven using the [1m-X[m switch to enable full debug logging.
[[1;31mERROR[m] 
[[1;31mERROR[m] For more information about the errors and possible solutions, please read the following articles:
[[1;31mERROR[m] [1m[Help 1][m http://cwiki.apache.org/confluence/display/MAVEN/ProjectBuildingException
[security-google-spring-boot-starter/3.5.x] 失败 - 查看日志
[[1;34mINFO[m] Scanning for projects...
[[1;31mERROR[m] [ERROR] Some problems were encountered while processing the POMs:
[ERROR] 'dependencies.dependency.version' for com.squareup.okhttp3:okhttp:jar is missing. @ line 473, column 15
 @ 
[[1;31mERROR[m] The build could not read 1 project -> [1m[Help 1][m
[[1;31mERROR[m]   
[[1;31mERROR[m]   The project io.github.hiwepy:security-google-spring-boot-starter:4.0.x.20251227-SNAPSHOT (/Users/wandl/workspaces/workspace-ddd4j/workspace-ddd4j-boot-starters/security-google-spring-boot-starter/pom.xml) has 1 error
[[1;31mERROR[m]     'dependencies.dependency.version' for com.squareup.okhttp3:okhttp:jar is missing. @ line 473, column 15
[[1;31mERROR[m] 
[[1;31mERROR[m] To see the full stack trace of the errors, re-run Maven with the [1m-e[m switch.
[[1;31mERROR[m] Re-run Maven using the [1m-X[m switch to enable full debug logging.
[[1;31mERROR[m] 
[[1;31mERROR[m] For more information about the errors and possible solutions, please read the following articles:
[[1;31mERROR[m] [1m[Help 1][m http://cwiki.apache.org/confluence/display/MAVEN/ProjectBuildingException
[security-google-spring-boot-starter/4.0.x] 失败 - 查看日志
[security-google-spring-boot-starter/main] 失败 - 分支切换失败
